


ARM Macro Assembler    Page 1 


    1 00000000                 AREA             mycode,CODE,READONLY
    2 00000000                 ENTRY
    3 00000000                 EXPORT           __main
    4 00000000         
    5 00000000         __main
    6 00000000 4804            LDR              R0,=0x02345123
    7 00000002 4905            LDR              R1,=0x89521542
    8 00000004         
    9 00000004 EA80 0001       EOR              R0,R0,R1
   10 00000008 EA80 0101       EOR              R1,R0,R1
   11 0000000C EA80 0001       EOR              R0,R0,R1
   12 00000010         
   13 00000010 E7FE    STOP    B                STOP
   14 00000012                 END
              00 00 02345123 
              89521542 
Command Line: --debug --xref --diag_suppress=9931 --cpu=Cortex-M4.fp --apcs=int
erwork --depend=.\objects\main.d -o.\objects\main.o -I.\RTE\_Target_1 -IC:\Keil
_v5\ARM\PACK\ARM\CMSIS\5.4.0\CMSIS\Core\Include -IC:\Keil_v5\ARM\PACK\Keil\STM3
2F4xx_DFP\2.13.0\Drivers\CMSIS\Device\ST\STM32F4xx\Include --predefine="__EVAL 
SETA 1" --predefine="__MICROLIB SETA 1" --predefine="__UVISION_VERSION SETA 526
" --predefine="_RTE_ SETA 1" --predefine="STM32F401xC SETA 1" --list=.\listings
\main.lst main.s



ARM Macro Assembler    Page 1 Alphabetic symbol ordering
Relocatable symbols

STOP 00000010

Symbol: STOP
   Definitions
      At line 13 in file main.s
   Uses
      At line 13 in file main.s
Comment: STOP used once
__main 00000000

Symbol: __main
   Definitions
      At line 5 in file main.s
   Uses
      At line 3 in file main.s
Comment: __main used once
mycode 00000000

Symbol: mycode
   Definitions
      At line 1 in file main.s
   Uses
      None
Comment: mycode unused
3 symbols
341 symbols in table
