


ARM Macro Assembler    Page 1 


    1 00000000        0 
                       VAL1    RN               R0
    2 00000000        1 
                       VAL2    RN               R1
    3 00000000        2 
                       SUM     RN               R2
    4 00000000         
    5 00000000                 AREA             code,CODE,READONLY
    6 00000000                 ENTRY
    7 00000000                 EXPORT           __main
    8 00000000         __main
    9 00000000         
   10 00000000 F242 3045       MOV              VAL1,#0x2345
   11 00000004 F241 5164       MOV              VAL2,#0x1564
   12 00000008 EB00 0201       ADD              SUM,VAL1,VAL2
   13 0000000C         
   14 0000000C E7FE    STOP    B                STOP
   15 0000000E                 END
Command Line: --debug --xref --diag_suppress=9931 --cpu=Cortex-M4.fp --apcs=int
erwork --depend=.\objects\main.d -o.\objects\main.o -I.\RTE\_Target_1 -IC:\Keil
_v5\ARM\PACK\ARM\CMSIS\5.4.0\CMSIS\Core\Include -IC:\Keil_v5\ARM\PACK\Keil\STM3
2F4xx_DFP\2.13.0\Drivers\CMSIS\Device\ST\STM32F4xx\Include --predefine="__EVAL 
SETA 1" --predefine="__MICROLIB SETA 1" --predefine="__UVISION_VERSION SETA 526
" --predefine="_RTE_ SETA 1" --predefine="STM32F401xC SETA 1" --list=.\listings
\main.lst main.s



ARM Macro Assembler    Page 1 Alphabetic symbol ordering
Relocatable symbols

STOP 0000000C

Symbol: STOP
   Definitions
      At line 14 in file main.s
   Uses
      At line 14 in file main.s
Comment: STOP used once
__main 00000000

Symbol: __main
   Definitions
      At line 8 in file main.s
   Uses
      At line 7 in file main.s
Comment: __main used once
code 00000000

Symbol: code
   Definitions
      At line 5 in file main.s
   Uses
      None
Comment: code unused
3 symbols
342 symbols in table
