


ARM Macro Assembler    Page 1 


    1 00000000         ;P=O+R+S
    2 00000000         ;O=2,R=6,S=8
    3 00000000                 AREA             eq3,CODE,READONLY
    4 00000000                 ENTRY
    5 00000000                 EXPORT           __main
    6 00000000         __main
    7 00000000 F20F 0018 
              F100 0000        ADRL             R0,value
    8 00000008         
    9 00000008 6841            LDR              R1,[R0,#O]
   10 0000000A 6882            LDR              R2,[R0,#R]
   11 0000000C 68C3            LDR              R3,[R0,#S]
   12 0000000E F04F 0400       MOV              R4,#0
   13 00000012 EB01 0402       ADD              R4,R1,R2
   14 00000016         
   15 00000016 441C            ADD              R4,R4,R3
   16 00000018 6004            STR              R4,[R0,#P]
   17 0000001A E7FE    STOP    B                STOP
   18 0000001C         
   19 0000001C         
   20 0000001C 00000000 
                       P       EQU              0
   21 0000001C 00000004 
                       O       EQU              4
   22 0000001C 00000008 
                       R       EQU              8
   23 0000001C 0000000C 
                       S       EQU              12
   24 0000001C         
   25 0000001C         
   26 0000001C                 AREA             eq3,DATA,READONLY
   27 0000001C 00 00 00 
              00       value   SPACE            4
   28 00000020 00000002        DCD              2
   29 00000024 00000006        DCD              6
   30 00000028 00000008        DCD              8
   31 0000002C         
   32 0000002C                 ALIGN
   33 0000002C                 END
Command Line: --debug --xref --diag_suppress=9931 --cpu=Cortex-M4.fp --apcs=int
erwork --depend=.\objects\main.d -o.\objects\main.o -I.\RTE\_Target_1 -IC:\Keil
_v5\ARM\PACK\ARM\CMSIS\5.4.0\CMSIS\Core\Include -IC:\Keil_v5\ARM\PACK\Keil\STM3
2F4xx_DFP\2.13.0\Drivers\CMSIS\Device\ST\STM32F4xx\Include --predefine="__EVAL 
SETA 1" --predefine="__MICROLIB SETA 1" --predefine="__UVISION_VERSION SETA 526
" --predefine="_RTE_ SETA 1" --predefine="STM32F401xC SETA 1" --list=.\listings
\main.lst main.s



ARM Macro Assembler    Page 1 Alphabetic symbol ordering
Relocatable symbols

STOP 0000001A

Symbol: STOP
   Definitions
      At line 17 in file main.s
   Uses
      At line 17 in file main.s
Comment: STOP used once
__main 00000000

Symbol: __main
   Definitions
      At line 6 in file main.s
   Uses
      At line 5 in file main.s
Comment: __main used once
eq3 00000000

Symbol: eq3
   Definitions
      At line 3 in file main.s
   Uses
      None
Comment: eq3 unused
value 0000001C

Symbol: value
   Definitions
      At line 27 in file main.s
   Uses
      At line 7 in file main.s
Comment: value used once
4 symbols



ARM Macro Assembler    Page 1 Alphabetic symbol ordering
Absolute symbols

O 00000004

Symbol: O
   Definitions
      At line 21 in file main.s
   Uses
      At line 9 in file main.s
Comment: O used once
P 00000000

Symbol: P
   Definitions
      At line 20 in file main.s
   Uses
      At line 16 in file main.s
Comment: P used once
R 00000008

Symbol: R
   Definitions
      At line 22 in file main.s
   Uses
      At line 10 in file main.s
Comment: R used once
S 0000000C

Symbol: S
   Definitions
      At line 23 in file main.s
   Uses
      At line 11 in file main.s
Comment: S used once
4 symbols
344 symbols in table
